Running Gradle task 'assembleRelease'...                        
Warning: Flutter support for your project's Gradle version (8.14.0) will soon be dropped. Please upgrade your Gradle version to a version of at least 9.1.0 soon.
Alternatively, use the flag "--android-skip-build-dependency-validation" to bypass this check.

Potential fix: Your project's gradle version is typically defined in the gradle wrapper file. By default, this can be found at /home/runner/work/Spatial-Eye/Spatial-Eye/mobile_app/android/gradle/wrapper/gradle-wrapper.properties. 
For more information, see https://docs.gradle.org/current/userguide/gradle_wrapper.html.

Warning: Flutter support for your project's Android Gradle Plugin version (Android Gradle Plugin version 8.11.1) will soon be dropped. Please upgrade your Android Gradle Plugin version to a version of at least Android Gradle Plugin version 9.0.1 soon.
Alternatively, use the flag "--android-skip-build-dependency-validation" to bypass this check.

Potential fix: Your project's AGP version is typically defined in the plugins block of the `settings.gradle` file (/home/runner/work/Spatial-Eye/Spatial-Eye/mobile_app/android/settings.gradle), by a plugin with the id of com.android.application. 
If you don't see a plugins block, your project was likely created with an older template version. In this case it is most likely defined in the top-level build.gradle file (/home/runner/work/Spatial-Eye/Spatial-Eye/mobile_app/android/build.gradle) by the following line in the dependencies block of the buildscript: "classpath 'com.android.tools.build:gradle:<version>'".

Checking the license for package Android SDK Platform 33 in /usr/local/lib/android/sdk/licenses
License for package Android SDK Platform 33 accepted.
Preparing "Install Android SDK Platform 33 (revision 3)".
"Install Android SDK Platform 33 (revision 3)" ready.
Installing Android SDK Platform 33 in /usr/local/lib/android/sdk/platforms/android-33
"Install Android SDK Platform 33 (revision 3)" complete.
"Install Android SDK Platform 33 (revision 3)" finished.
[=========                              ] 25%                                   
[=========                              ] 25% Fetch remote repository...        
[=======================================] 100% Fetch remote repository...       
Font asset "MaterialIcons-Regular.otf" was tree-shaken, reducing it from 1645184 to 1096 bytes (99.9% reduction). Tree-shaking can be disabled by providing the --no-tree-shake-icons flag when building your app.
Checking the license for package CMake 3.22.1 in /usr/local/lib/android/sdk/licenses
License for package CMake 3.22.1 accepted.
Preparing "Install CMake 3.22.1 v.3.22.1".
"Install CMake 3.22.1 v.3.22.1" ready.
Installing CMake 3.22.1 in /usr/local/lib/android/sdk/cmake/3.22.1
"Install CMake 3.22.1 v.3.22.1" complete.
"Install CMake 3.22.1 v.3.22.1" finished.
Note: Some input files use or override a deprecated API.
Note: Recompile with -Xlint:deprecation for details.
Caught exception: Already watching path: /home/runner/work/Spatial-Eye/Spatial-Eye/mobile_app/android

FAILURE: Build failed with an exception.

* What went wrong:
Execution failed for task ':app:kaptReleaseKotlin'.
> A failure occurred while executing org.jetbrains.kotlin.gradle.internal.KaptWithoutKotlincTask$KaptExecutionWorkAction

* Try:
> Run with --stacktrace option to get the stack trace.
> Run with --info or --debug option to get more log output.
> Run with --scan to get full insights.
> Get more help at https://help.gradle.org.

BUILD FAILED in 4m 40s
Running Gradle task 'assembleRelease'...                          280.6s
Gradle task assembleRelease failed with exit code 1
